d:\code\caro\project\caro\caro\x64\debug\vc143.pdb
d:\code\caro\project\caro\caro\x64\debug\vc143.idb
d:\code\caro\project\caro\caro\x64\debug\startgame.obj
d:\code\caro\project\caro\caro\x64\debug\sfx.obj
d:\code\caro\project\caro\caro\x64\debug\settingoverlay.obj
d:\code\caro\project\caro\caro\x64\debug\setting.obj
d:\code\caro\project\caro\caro\x64\debug\menu.obj
d:\code\caro\project\caro\caro\x64\debug\loadingscreen.obj
d:\code\caro\project\caro\caro\x64\debug\keyboard.obj
d:\code\caro\project\caro\caro\x64\debug\firsttimeplaying.obj
d:\code\caro\project\caro\caro\x64\debug\caro.obj
d:\code\caro\project\caro\caro\x64\debug\button.obj
d:\code\caro\project\caro\caro\x64\debug\bot_ai.obj
d:\code\caro\project\caro\caro\x64\debug\boardgame.obj
d:\code\caro\project\caro\caro\x64\debug\savegame.obj
d:\code\caro\project\caro\x64\debug\caro.exe
d:\code\caro\project\caro\x64\debug\caro.pdb
d:\code\caro\project\caro\caro\x64\debug\caro.ilk
d:\code\caro\project\caro\caro\x64\debug\caro.tlog\cl.command.1.tlog
d:\code\caro\project\caro\caro\x64\debug\caro.tlog\cl.items.tlog
d:\code\caro\project\caro\caro\x64\debug\caro.tlog\cl.read.1.tlog
d:\code\caro\project\caro\caro\x64\debug\caro.tlog\cl.write.1.tlog
d:\code\caro\project\caro\caro\x64\debug\caro.tlog\link-cvtres.read.1.tlog
d:\code\caro\project\caro\caro\x64\debug\caro.tlog\link-cvtres.write.1.tlog
d:\code\caro\project\caro\caro\x64\debug\caro.tlog\link-rc.read.1.tlog
d:\code\caro\project\caro\caro\x64\debug\caro.tlog\link-rc.write.1.tlog
d:\code\caro\project\caro\caro\x64\debug\caro.tlog\link.command.1.tlog
d:\code\caro\project\caro\caro\x64\debug\caro.tlog\link.read.1.tlog
d:\code\caro\project\caro\caro\x64\debug\caro.tlog\link.read.2.tlog
d:\code\caro\project\caro\caro\x64\debug\caro.tlog\link.read.3.tlog
d:\code\caro\project\caro\caro\x64\debug\caro.tlog\link.read.4.tlog
d:\code\caro\project\caro\caro\x64\debug\caro.tlog\link.secondary.1.tlog
d:\code\caro\project\caro\caro\x64\debug\caro.tlog\link.write.1.tlog
