  menu.cpp
D:\Code\Caro\project\Caro\Caro\menu\menu.cpp(23,45): warning C4244: 'initializing': conversion from 'T' to 'float', possible loss of data
D:\Code\Caro\project\Caro\Caro\menu\menu.cpp(23,45): warning C4244:         with
D:\Code\Caro\project\Caro\Caro\menu\menu.cpp(23,45): warning C4244:         [
D:\Code\Caro\project\Caro\Caro\menu\menu.cpp(23,45): warning C4244:             T=unsigned int
D:\Code\Caro\project\Caro\Caro\menu\menu.cpp(23,45): warning C4244:         ]
D:\Code\Caro\project\Caro\Caro\menu\menu.cpp(23,27): warning C4244: 'initializing': conversion from 'T' to 'const float', possible loss of data
D:\Code\Caro\project\Caro\Caro\menu\menu.cpp(23,27): warning C4244:         with
D:\Code\Caro\project\Caro\Caro\menu\menu.cpp(23,27): warning C4244:         [
D:\Code\Caro\project\Caro\Caro\menu\menu.cpp(23,27): warning C4244:             T=unsigned int
D:\Code\Caro\project\Caro\Caro\menu\menu.cpp(23,27): warning C4244:         ]
D:\Code\Caro\project\Caro\Caro\menu\menu.cpp(24,44): warning C4244: 'initializing': conversion from 'T' to 'float', possible loss of data
D:\Code\Caro\project\Caro\Caro\menu\menu.cpp(24,44): warning C4244:         with
D:\Code\Caro\project\Caro\Caro\menu\menu.cpp(24,44): warning C4244:         [
D:\Code\Caro\project\Caro\Caro\menu\menu.cpp(24,44): warning C4244:             T=unsigned int
D:\Code\Caro\project\Caro\Caro\menu\menu.cpp(24,44): warning C4244:         ]
D:\Code\Caro\project\Caro\Caro\menu\menu.cpp(24,26): warning C4244: 'initializing': conversion from 'T' to 'const float', possible loss of data
D:\Code\Caro\project\Caro\Caro\menu\menu.cpp(24,26): warning C4244:         with
D:\Code\Caro\project\Caro\Caro\menu\menu.cpp(24,26): warning C4244:         [
D:\Code\Caro\project\Caro\Caro\menu\menu.cpp(24,26): warning C4244:             T=unsigned int
D:\Code\Caro\project\Caro\Caro\menu\menu.cpp(24,26): warning C4244:         ]
D:\Code\Caro\project\Caro\Caro\menu\menu.cpp(43,68): warning C4244: 'argument': conversion from 'float' to 'unsigned int', possible loss of data
D:\Code\Caro\project\Caro\Caro\menu\menu.cpp(101,44): warning C4244: 'initializing': conversion from 'T' to 'float', possible loss of data
D:\Code\Caro\project\Caro\Caro\menu\menu.cpp(101,44): warning C4244:         with
D:\Code\Caro\project\Caro\Caro\menu\menu.cpp(101,44): warning C4244:         [
D:\Code\Caro\project\Caro\Caro\menu\menu.cpp(101,44): warning C4244:             T=unsigned int
D:\Code\Caro\project\Caro\Caro\menu\menu.cpp(101,44): warning C4244:         ]
D:\Code\Caro\project\Caro\Caro\menu\menu.cpp(101,26): warning C4244: 'initializing': conversion from 'T' to 'const float', possible loss of data
D:\Code\Caro\project\Caro\Caro\menu\menu.cpp(101,26): warning C4244:         with
D:\Code\Caro\project\Caro\Caro\menu\menu.cpp(101,26): warning C4244:         [
D:\Code\Caro\project\Caro\Caro\menu\menu.cpp(101,26): warning C4244:             T=unsigned int
D:\Code\Caro\project\Caro\Caro\menu\menu.cpp(101,26): warning C4244:         ]
D:\Code\Caro\project\Caro\Caro\menu\menu.cpp(102,45): warning C4244: 'initializing': conversion from 'T' to 'float', possible loss of data
D:\Code\Caro\project\Caro\Caro\menu\menu.cpp(102,45): warning C4244:         with
D:\Code\Caro\project\Caro\Caro\menu\menu.cpp(102,45): warning C4244:         [
D:\Code\Caro\project\Caro\Caro\menu\menu.cpp(102,45): warning C4244:             T=unsigned int
D:\Code\Caro\project\Caro\Caro\menu\menu.cpp(102,45): warning C4244:         ]
D:\Code\Caro\project\Caro\Caro\menu\menu.cpp(102,27): warning C4244: 'initializing': conversion from 'T' to 'const float', possible loss of data
D:\Code\Caro\project\Caro\Caro\menu\menu.cpp(102,27): warning C4244:         with
D:\Code\Caro\project\Caro\Caro\menu\menu.cpp(102,27): warning C4244:         [
D:\Code\Caro\project\Caro\Caro\menu\menu.cpp(102,27): warning C4244:             T=unsigned int
D:\Code\Caro\project\Caro\Caro\menu\menu.cpp(102,27): warning C4244:         ]
D:\Code\Caro\project\Caro\Caro\menu\menu.cpp(114,16): warning C4267: 'initializing': conversion from 'size_t' to 'int', possible loss of data
D:\Code\Caro\project\Caro\Caro\menu\menu.cpp(120,13): warning C4244: 'argument': conversion from 'float' to 'int', possible loss of data
D:\Code\Caro\project\Caro\Caro\menu\menu.cpp(119,13): warning C4244: 'argument': conversion from 'float' to 'int', possible loss of data
D:\Code\Caro\project\Caro\Caro\menu\menu.cpp(118,23): warning C4244: 'argument': conversion from 'float' to 'int', possible loss of data
D:\Code\Caro\project\Caro\Caro\menu\menu.cpp(117,26): warning C4244: 'argument': conversion from 'float' to 'int', possible loss of data
D:\Code\Caro\project\Caro\Caro\menu\menu.cpp(157,56): warning C4267: '=': conversion from 'size_t' to 'int', possible loss of data
D:\Code\Caro\project\Caro\Caro\menu\menu.cpp(289,57): warning C4267: '=': conversion from 'size_t' to 'int', possible loss of data
  startgame.cpp
D:\Code\Caro\project\Caro\Caro\startgame\startgame.cpp(9,46): warning C4267: '=': conversion from 'size_t' to 'int', possible loss of data
  Generating code
  3 of 788 functions ( 0.4%) were compiled, the rest were copied from previous compilation.
    0 functions were new in current compilation
    3 functions had inline decision re-evaluated but remain unchanged
  Finished generating code
  Caro.vcxproj -> D:\Code\Caro\project\Caro\x64\Release\Caro.exe
